2020-06-14 11:25:33,019 : DEBUG : Начало программы
2020-06-14 11:25:33,019 : INFO : Какие-то действия
2020-06-14 11:25:33,020 : WARNING : Программа умирает
